---
source: src/tui/tests.rs
expression: output
---
  ◉ VIGIL                                                                       
                                                                                
  First-time setup                                                              
                                                                                
▌  Install ultrapowers plugin (recommended)                                     
                                                                                
                                                                                
   Already installed — verify                                                   
                                                                                
                                                                                
   Skip setup                                                                   
                                                                                
                                                                                
                                                                                
                                                                                
                                                                                
                                                                                
                                                                                
                                                                                
                                                                                
                                                                                
                                                                                
                                                                                
  ↑↓ Navigate   ⏎ Select
