---
source: src/tui/tests.rs
expression: output
---
  ◉ VIGIL · chat                                                                
────────────────────────────────────────────────────────────────────────────────
            Chat with Vigil to dispatch workers and manage sessions…            
                                                                                
                                                                                
                                                                                
                                                                                
                                                                                
                                                                                
                                                                                
                                                                                
                                                                                
                                                                                
                                                                                
                                                                                
                                                                                
                                                                                
                                                                                
                                                                                
                                                                                
                                                                                
                                                                                
────────────────────────────────────────────────────────────────────────────────
  › _                                                                      Esc B
